2025-10-06 08:08:24.103+0000 INFO  Logging config in use: Embedded default config 'default-user-logs.xml'
2025-10-06 08:08:24.111+0000 INFO  Starting...
2025-10-06 08:08:24.759+0000 INFO  This instance is ServerId{83420810} (83420810-e347-4ea4-94f4-b42c2183039c)
2025-10-06 08:08:25.559+0000 INFO  ======== Neo4j 5.25.1 ========
2025-10-06 08:08:27.251+0000 INFO  Anonymous Usage Data is being sent to Neo4j, see https://neo4j.com/docs/usage-data/
2025-10-06 08:08:27.280+0000 INFO  Bolt enabled on 0.0.0.0:7687.
2025-10-06 08:08:27.750+0000 INFO  HTTP enabled on 0.0.0.0:7474.
2025-10-06 08:08:27.751+0000 INFO  Remote interface available at http://localhost:7474/
2025-10-06 08:08:27.754+0000 INFO  id: 3CC76C5CB7CC65EB141B35CD00C1895ABA2800A6BA2239457DFBF660E04C0926
2025-10-06 08:08:27.754+0000 INFO  name: system
2025-10-06 08:08:27.754+0000 INFO  creationDate: 2025-10-06T08:08:26.353Z
2025-10-06 08:08:27.754+0000 INFO  Started.
2025-10-06 09:18:47.389+0000 INFO  Logging config in use: Embedded default config 'default-user-logs.xml'
2025-10-06 09:18:47.397+0000 INFO  Starting...
2025-10-06 09:18:47.983+0000 INFO  This instance is ServerId{83420810} (83420810-e347-4ea4-94f4-b42c2183039c)
2025-10-06 09:18:48.994+0000 INFO  ======== Neo4j 5.25.1 ========
2025-10-06 09:18:50.302+0000 INFO  Anonymous Usage Data is being sent to Neo4j, see https://neo4j.com/docs/usage-data/
2025-10-06 09:18:50.331+0000 INFO  Bolt enabled on 0.0.0.0:7687.
2025-10-06 09:18:50.767+0000 INFO  HTTP enabled on 0.0.0.0:7474.
2025-10-06 09:18:50.767+0000 INFO  Remote interface available at http://localhost:7474/
2025-10-06 09:18:50.769+0000 INFO  id: 3CC76C5CB7CC65EB141B35CD00C1895ABA2800A6BA2239457DFBF660E04C0926
2025-10-06 09:18:50.770+0000 INFO  name: system
2025-10-06 09:18:50.770+0000 INFO  creationDate: 2025-10-06T08:08:26.353Z
2025-10-06 09:18:50.770+0000 INFO  Started.
2025-10-06 09:34:19.977+0000 INFO  Logging config in use: Embedded default config 'default-user-logs.xml'
2025-10-06 09:34:19.982+0000 INFO  Starting...
2025-10-06 09:34:20.589+0000 INFO  This instance is ServerId{83420810} (83420810-e347-4ea4-94f4-b42c2183039c)
2025-10-06 09:34:21.306+0000 INFO  ======== Neo4j 5.25.1 ========
2025-10-06 09:34:22.473+0000 INFO  Anonymous Usage Data is being sent to Neo4j, see https://neo4j.com/docs/usage-data/
2025-10-06 09:34:22.499+0000 INFO  Bolt enabled on 0.0.0.0:7687.
2025-10-06 09:34:22.910+0000 INFO  HTTP enabled on 0.0.0.0:7474.
2025-10-06 09:34:22.910+0000 INFO  Remote interface available at http://localhost:7474/
2025-10-06 09:34:22.912+0000 INFO  id: 3CC76C5CB7CC65EB141B35CD00C1895ABA2800A6BA2239457DFBF660E04C0926
2025-10-06 09:34:22.912+0000 INFO  name: system
2025-10-06 09:34:22.912+0000 INFO  creationDate: 2025-10-06T08:08:26.353Z
2025-10-06 09:34:22.913+0000 INFO  Started.
2025-10-06 09:57:52.847+0000 INFO  Logging config in use: Embedded default config 'default-user-logs.xml'
2025-10-06 09:57:52.853+0000 INFO  Starting...
2025-10-06 09:57:53.460+0000 INFO  This instance is ServerId{83420810} (83420810-e347-4ea4-94f4-b42c2183039c)
2025-10-06 09:57:54.314+0000 INFO  ======== Neo4j 5.25.1 ========
2025-10-06 09:57:55.755+0000 INFO  Anonymous Usage Data is being sent to Neo4j, see https://neo4j.com/docs/usage-data/
2025-10-06 09:57:55.784+0000 INFO  Bolt enabled on 0.0.0.0:7687.
2025-10-06 09:57:56.220+0000 INFO  HTTP enabled on 0.0.0.0:7474.
2025-10-06 09:57:56.221+0000 INFO  Remote interface available at http://localhost:7474/
2025-10-06 09:57:56.223+0000 INFO  id: 3CC76C5CB7CC65EB141B35CD00C1895ABA2800A6BA2239457DFBF660E04C0926
2025-10-06 09:57:56.223+0000 INFO  name: system
2025-10-06 09:57:56.223+0000 INFO  creationDate: 2025-10-06T08:08:26.353Z
2025-10-06 09:57:56.224+0000 INFO  Started.
2025-10-06 10:19:00.479+0000 INFO  Logging config in use: Embedded default config 'default-user-logs.xml'
2025-10-06 10:19:00.485+0000 INFO  Starting...
2025-10-06 10:19:01.056+0000 INFO  This instance is ServerId{83420810} (83420810-e347-4ea4-94f4-b42c2183039c)
2025-10-06 10:19:01.734+0000 INFO  ======== Neo4j 5.25.1 ========
2025-10-06 10:19:03.153+0000 INFO  Anonymous Usage Data is being sent to Neo4j, see https://neo4j.com/docs/usage-data/
2025-10-06 10:19:03.182+0000 INFO  Bolt enabled on 0.0.0.0:7687.
2025-10-06 10:19:03.644+0000 INFO  HTTP enabled on 0.0.0.0:7474.
2025-10-06 10:19:03.644+0000 INFO  Remote interface available at http://localhost:7474/
2025-10-06 10:19:03.646+0000 INFO  id: 3CC76C5CB7CC65EB141B35CD00C1895ABA2800A6BA2239457DFBF660E04C0926
2025-10-06 10:19:03.647+0000 INFO  name: system
2025-10-06 10:19:03.647+0000 INFO  creationDate: 2025-10-06T08:08:26.353Z
2025-10-06 10:19:03.647+0000 INFO  Started.
2025-10-06 10:25:03.699+0000 INFO  Logging config in use: Embedded default config 'default-user-logs.xml'
2025-10-06 10:25:03.703+0000 INFO  Starting...
2025-10-06 10:25:04.306+0000 INFO  This instance is ServerId{83420810} (83420810-e347-4ea4-94f4-b42c2183039c)
2025-10-06 10:25:05.005+0000 INFO  ======== Neo4j 5.25.1 ========
2025-10-06 10:25:06.442+0000 INFO  Anonymous Usage Data is being sent to Neo4j, see https://neo4j.com/docs/usage-data/
2025-10-06 10:25:06.472+0000 INFO  Bolt enabled on 0.0.0.0:7687.
2025-10-06 10:25:06.978+0000 INFO  HTTP enabled on 0.0.0.0:7474.
2025-10-06 10:25:06.979+0000 INFO  Remote interface available at http://localhost:7474/
2025-10-06 10:25:06.983+0000 INFO  id: 3CC76C5CB7CC65EB141B35CD00C1895ABA2800A6BA2239457DFBF660E04C0926
2025-10-06 10:25:06.983+0000 INFO  name: system
2025-10-06 10:25:06.983+0000 INFO  creationDate: 2025-10-06T08:08:26.353Z
2025-10-06 10:25:06.984+0000 INFO  Started.
2025-10-07 06:23:20.321+0000 INFO  Logging config in use: Embedded default config 'default-user-logs.xml'
2025-10-07 06:23:20.333+0000 INFO  Starting...
2025-10-07 06:23:21.275+0000 INFO  This instance is ServerId{83420810} (83420810-e347-4ea4-94f4-b42c2183039c)
2025-10-07 06:23:22.700+0000 INFO  ======== Neo4j 5.25.1 ========
2025-10-07 06:23:25.655+0000 INFO  Anonymous Usage Data is being sent to Neo4j, see https://neo4j.com/docs/usage-data/
2025-10-07 06:23:25.708+0000 INFO  Bolt enabled on 0.0.0.0:7687.
2025-10-07 06:23:26.523+0000 INFO  HTTP enabled on 0.0.0.0:7474.
2025-10-07 06:23:26.524+0000 INFO  Remote interface available at http://localhost:7474/
2025-10-07 06:23:26.529+0000 INFO  id: 3CC76C5CB7CC65EB141B35CD00C1895ABA2800A6BA2239457DFBF660E04C0926
2025-10-07 06:23:26.529+0000 INFO  name: system
2025-10-07 06:23:26.530+0000 INFO  creationDate: 2025-10-06T08:08:26.353Z
2025-10-07 06:23:26.530+0000 INFO  Started.
2025-10-07 06:44:33.256+0000 INFO  Logging config in use: Embedded default config 'default-user-logs.xml'
2025-10-07 06:44:33.268+0000 INFO  Starting...
2025-10-07 06:44:34.167+0000 INFO  This instance is ServerId{83420810} (83420810-e347-4ea4-94f4-b42c2183039c)
2025-10-07 06:44:35.363+0000 INFO  ======== Neo4j 5.25.1 ========
2025-10-07 06:44:37.558+0000 INFO  Anonymous Usage Data is being sent to Neo4j, see https://neo4j.com/docs/usage-data/
2025-10-07 06:44:37.609+0000 INFO  Bolt enabled on 0.0.0.0:7687.
2025-10-07 06:44:38.294+0000 INFO  HTTP enabled on 0.0.0.0:7474.
2025-10-07 06:44:38.295+0000 INFO  Remote interface available at http://localhost:7474/
2025-10-07 06:44:38.298+0000 INFO  id: 3CC76C5CB7CC65EB141B35CD00C1895ABA2800A6BA2239457DFBF660E04C0926
2025-10-07 06:44:38.299+0000 INFO  name: system
2025-10-07 06:44:38.299+0000 INFO  creationDate: 2025-10-06T08:08:26.353Z
2025-10-07 06:44:38.300+0000 INFO  Started.
2025-10-07 08:18:00.550+0000 INFO  Logging config in use: Embedded default config 'default-user-logs.xml'
2025-10-07 08:18:00.559+0000 INFO  Starting...
2025-10-07 08:18:01.115+0000 INFO  This instance is ServerId{83420810} (83420810-e347-4ea4-94f4-b42c2183039c)
2025-10-07 08:18:01.809+0000 INFO  ======== Neo4j 5.25.1 ========
2025-10-07 08:18:03.014+0000 INFO  Anonymous Usage Data is being sent to Neo4j, see https://neo4j.com/docs/usage-data/
2025-10-07 08:18:03.039+0000 INFO  Bolt enabled on 0.0.0.0:7687.
2025-10-07 08:18:03.469+0000 INFO  HTTP enabled on 0.0.0.0:7474.
2025-10-07 08:18:03.470+0000 INFO  Remote interface available at http://localhost:7474/
2025-10-07 08:18:03.472+0000 INFO  id: 3CC76C5CB7CC65EB141B35CD00C1895ABA2800A6BA2239457DFBF660E04C0926
2025-10-07 08:18:03.472+0000 INFO  name: system
2025-10-07 08:18:03.472+0000 INFO  creationDate: 2025-10-06T08:08:26.353Z
2025-10-07 08:18:03.472+0000 INFO  Started.
2025-10-07 13:04:56.328+0000 INFO  Logging config in use: Embedded default config 'default-user-logs.xml'
2025-10-07 13:04:56.334+0000 INFO  Starting...
2025-10-07 13:04:57.240+0000 INFO  This instance is ServerId{83420810} (83420810-e347-4ea4-94f4-b42c2183039c)
2025-10-07 13:04:58.349+0000 INFO  ======== Neo4j 5.25.1 ========
2025-10-07 13:05:00.737+0000 INFO  Anonymous Usage Data is being sent to Neo4j, see https://neo4j.com/docs/usage-data/
2025-10-07 13:05:00.796+0000 INFO  Bolt enabled on 0.0.0.0:7687.
2025-10-07 13:05:01.477+0000 INFO  HTTP enabled on 0.0.0.0:7474.
2025-10-07 13:05:01.478+0000 INFO  Remote interface available at http://localhost:7474/
2025-10-07 13:05:01.481+0000 INFO  id: 3CC76C5CB7CC65EB141B35CD00C1895ABA2800A6BA2239457DFBF660E04C0926
2025-10-07 13:05:01.481+0000 INFO  name: system
2025-10-07 13:05:01.481+0000 INFO  creationDate: 2025-10-06T08:08:26.353Z
2025-10-07 13:05:01.482+0000 INFO  Started.
